[36mvite v7.2.2 [32mbuilding client environment for production...[36m[39m
transforming...
node.exe : Found 6 warnings while 
optimizing generated CSS:
At line:1 char:1
+ & "C:\Program 
Files\nodejs/node.exe" 
"C:\Users\USER\AppData\Roaming\n ...
+ ~~~~~~~~~~~~~~~~~~~~~~~~~~~~~~~~~~~
~~~~~~~~~~~~~~~~~~~~~~~~~~~~~~~~~~
    + CategoryInfo          : NotSpe 
   cified: (Found 6 warning... gene  
  rated CSS::String) [], RemoteExc   
 eption
    + FullyQualifiedErrorId : Native 
   CommandError
 

Issue #1:
[2mΓöé   }[22m
[2mΓöé   
.\@md\/field-group\:flex-row {[22m
[2mΓöé[22m     @container 
field-group (width >= 100%) {
[2mΓöå[22m                         
            [33m[2m^--[22m 
Unexpected token Percentage { 
has_sign: false, unit_value: 1.0, 
int_value: Some(100) }[39m
[2mΓöå[22m
[2mΓöé       flex-direction: 
row;[22m
[2mΓöé     }[22m

Issue #2:
[2mΓöé   }[22m
[2mΓöé   
.\@md\/field-group\:items-center 
{[22m
[2mΓöé[22m     @container 
field-group (width >= 100%) {
[2mΓöå[22m                         
            [33m[2m^--[22m 
Unexpected token Percentage { 
has_sign: false, unit_value: 1.0, 
int_value: Some(100) }[39m
[2mΓöå[22m
[2mΓöé       align-items: 
center;[22m
[2mΓöé     }[22m

Issue #3:
[2mΓöé   }[22m
[2mΓöé   .\@md\/field-group\:has-\[\
>\[data-slot\=field-content\]\]\:item
s-start {[22m
[2mΓöé[22m     @container 
field-group (width >= 100%) {
[2mΓöå[22m                         
            [33m[2m^--[22m 
Unexpected token Percentage { 
has_sign: false, unit_value: 1.0, 
int_value: Some(100) }[39m
[2mΓöå[22m
[2mΓöé       
&:has(>[data-slot=field-content]) 
{[22m
[2mΓöé         align-items: 
flex-start;[22m

Issue #4:
[2mΓöé   }[22m
[2mΓöé   .\@md\/field-group\:\[\&\>\
*\]\:w-auto {[22m
[2mΓöé[22m     @container 
field-group (width >= 100%) {
[2mΓöå[22m                         
            [33m[2m^--[22m 
Unexpected token Percentage { 
has_sign: false, unit_value: 1.0, 
int_value: Some(100) }[39m
[2mΓöå[22m
[2mΓöé       &>* {[22m
[2mΓöé         width: auto;[22m

Issue #5:
[2mΓöé   }[22m
[2mΓöé   .\@md\/field-group\:\[\&\>\
[data-slot\=field-label\]\]\:flex-aut
o {[22m
[2mΓöé[22m     @container 
field-group (width >= 100%) {
[2mΓöå[22m                         
            [33m[2m^--[22m 
Unexpected token Percentage { 
has_sign: false, unit_value: 1.0, 
int_value: Some(100) }[39m
[2mΓöå[22m
[2mΓöé       
&>[data-slot=field-label] {[22m
[2mΓöé         flex: auto;[22m

Issue #6:
[2mΓöé   }[22m
[2mΓöé   .\@md\/field-group\:has-\[\
>\[data-slot\=field-content\]\]\:\[\&
\>\[role\=checkbox\]\,\[role\=radio\]
\]\:mt-px {[22m
[2mΓöé[22m     @container 
field-group (width >= 100%) {
[2mΓöå[22m                         
            [33m[2m^--[22m 
Unexpected token Percentage { 
has_sign: false, unit_value: 1.0, 
int_value: Some(100) }[39m
[2mΓöå[22m
[2mΓöé       
&:has(>[data-slot=field-content]) 
{[22m
[2mΓöé         
&>[role=checkbox],[role=radio] {[22m

[32mΓ£ô[39m 47 modules transformed.
[31mΓ£ù[39m Build failed in 2.92s
[31merror during build:
[31mCould not resolve 
"./pages/IdentityVerificationHub" 
from "client/src/App.tsx"[31m
file: [36mC:/Users/USER/Downloads/am
erilend/client/src/App.tsx[31m
    at getRollupError (file:///C:/Use
rs/USER/Downloads/amerilend/node_modu
les/rollup/dist/es/shared/parseAst.js
:401:41)
    at error (file:///C:/Users/USER/D
ownloads/amerilend/node_modules/rollu
p/dist/es/shared/parseAst.js:397:42)
    at 
ModuleLoader.handleInvalidResolvedId 
(file:///C:/Users/USER/Downloads/amer
ilend/node_modules/rollup/dist/es/sha
red/node-entry.js:21565:24)
    at file:///C:/Users/USER/Download
s/amerilend/node_modules/rollup/dist/
es/shared/node-entry.js:21525:26[39m
